// Jest Snapshot v1, https://goo.gl/fbAQLP

exports[`<Cover /> Cover snapshot matches 1`] = `
<styled.div>
  <div
    className="leia"
  >
    <div
      className="head"
    >
      <div
        className="fringe"
      />
      <div
        className="fringe"
      />
      <div>
        <div
          className="eye"
        />
        <div
          className="eye"
        />
      </div>
      <div>
        <div
          className="blush"
        />
        <div
          className="blush"
        />
      </div>
      <div
        className="mouth"
      />
    </div>
  </div>
  <div
    className="welcome"
  >
    Welcome to Start Wars
  </div>
</styled.div>
`;
